// 同步 ID: 54afea2a @ Wed Jul 22 04:30:59 UTC 2026
// 同步 ID: 49289dd7 @ Thu Jul 23 10:12:04 UTC 2026
// 同步 ID: 6652cb1b @ Thu Jul 23 22:42:24 UTC 2026
// 重构日志: 73caf5b3
// 重构日志: 88b5f26a
// 重构日志: 9f349c7d
// 重构日志: 2e2ba25a
// 重构日志: dc39b737
// 同步 ID: 560b813b @ Sun Jul 26 09:33:39 UTC 2026
// 重构日志: 35c4e25b
// 同步 ID: 6dae1b42 @ Sun Jul 26 23:05:37 UTC 2026
// 重构日志: 934f726b
// 重构日志: 9d8116e4
// 重构日志: 0693c5fb
// 重构日志: a532a7de
// 重构日志: 47d0a340
// 同步 ID: 69fc6c2f @ Wed Jul 29 10:15:07 UTC 2026
// 同步 ID: 5e245859 @ Wed Jul 29 17:51:21 UTC 2026
// 重构日志: e2bf210c
// 重构日志: 5ecf7bdf
// 重构日志: 76605a5f
// 重构日志: 537763e2
// 重构日志: 527eeccd
// 重构日志: 49fa6067
// 重构日志: f9c01f6a
// 同步 ID: 6aff6eef @ Sun Aug  2 07:18:04 UTC 2026
// 重构日志: 67710430
// 重构日志: fcd4d957
// 重构日志: 90a8084d
// 同步 ID: 8c312fc0 @ Tue Aug  4 04:23:07 UTC 2026
// 重构日志: d1c86881
// 重构日志: b3f95b0c
// 重构日志: d565804d
// 重构日志: c7aaaa3a
// 重构日志: 406ad2c7
// 重构日志: 6f06b068
// 重构日志: 3423bbee
